// Jest Snapshot v1, https://goo.gl/fbAQLP

exports[`Base64 #encode gas cost of encode(<some html>) 1`] = `1410`;

exports[`Base64 #encode gas cost of encode(aLpHaBeT) 1`] = `1191`;

exports[`Base64 #encode gas cost of encode(alphabet soup) 1`] = `1617`;

exports[`Base64 #encode gas cost of encode(f) 1`] = `741`;

exports[`Base64 #encode gas cost of encode(fo) 1`] = `753`;

exports[`Base64 #encode gas cost of encode(foo) 1`] = `722`;

exports[`Base64 #encode gas cost of encode(foob) 1`] = `960`;

exports[`Base64 #encode gas cost of encode(fooba) 1`] = `972`;

exports[`Base64 #encode gas cost of encode(foobar) 1`] = `941`;

exports[`Base64 #encode gas cost of encode(includes
newlines) 1`] = `1848`;

exports[`Base64 #encode gas cost of encode(test string) 1`] = `1410`;

exports[`Base64 #encode gas cost of encode(this is a test) 1`] = `1629`;

exports[`Base64 #encode gas cost of encode(this is a very long string that should cost a lot of gas to encode :)) 1`] = `5652`;

exports[`Base64 #encode gas cost of encode(ðŸ˜€) 1`] = `960`;

exports[`Base64 #encode max size string (24kB) gas cost 1`] = `3533344`;
