// Jest Snapshot v1, https://goo.gl/fbAQLP

exports[`Multicall gas cost of pay w/ multicall 1`] = `1183626`;

exports[`Multicall gas cost of pay w/o multicall 1`] = `1176658`;
