// Jest Snapshot v1, https://goo.gl/fbAQLP

exports[`NonfungiblePositionManager #burn gas 1`] = `2451562`;

exports[`NonfungiblePositionManager #collect gas transfers both 1`] = `2179162`;

exports[`NonfungiblePositionManager #collect gas transfers token0 only 1`] = `1768339`;

exports[`NonfungiblePositionManager #collect gas transfers token1 only 1`] = `1769046`;

exports[`NonfungiblePositionManager #createAndInitializePoolIfNecessary gas 1`] = `5177767`;

exports[`NonfungiblePositionManager #decreaseLiquidity gas complete decrease 1`] = `3815541`;

exports[`NonfungiblePositionManager #decreaseLiquidity gas partial decrease 1`] = `2686983`;

exports[`NonfungiblePositionManager #increaseLiquidity gas 1`] = `3502122`;

exports[`NonfungiblePositionManager #mint gas first mint for pool 1`] = `9421804`;

exports[`NonfungiblePositionManager #mint gas first mint for pool using eth with non-zero refund 1`] = `10017431`;

exports[`NonfungiblePositionManager #mint gas first mint for pool using eth with zero refund 1`] = `10002920`;

exports[`NonfungiblePositionManager #mint gas mint for same pool, different ticks 1`] = `7776742`;

exports[`NonfungiblePositionManager #mint gas mint on same ticks 1`] = `6128865`;

exports[`NonfungiblePositionManager #permit owned by eoa gas 1`] = `791942`;

exports[`NonfungiblePositionManager #permit owned by verifying contract gas 1`] = `796410`;

exports[`NonfungiblePositionManager #positions gas 1`] = `28198`;

exports[`NonfungiblePositionManager #transferFrom gas 1`] = `2394315`;

exports[`NonfungiblePositionManager #transferFrom gas comes from approved 1`] = `2532320`;

exports[`NonfungiblePositionManager bytecode size 1`] = `158112`;

exports[`NonfungiblePositionManager multicall exit gas 1`] = `5868252`;
